// Jest Snapshot v1, https://goo.gl/fbAQLP

exports[`Nav should match the snapshot with the data passed through 1`] = `
<Fragment>
  <nav>
    <h1
      className="header-title"
    >
      Bookify 
      <FaLeaf
        color="#07804B"
        size={40}
      />
       
    </h1>
    <section
      className="nav-buttons"
    >
      <h2
        className="nav-welcome"
      >
         Welcome,
        <span
          className="user-name"
        >
           
          Sam
        </span>
          
      </h2>
      <Link
        className="link"
        to="/"
      >
        <button
          className="nav-btn"
        >
          Search Audiobooks
        </button>
      </Link>
      <button
        className="nav-btn loggedIn-btn"
        onClick={[MockFunction]}
      >
        Logout
      </button>
    </section>
  </nav>
  <div
    className="all-genres"
  >
    <button
      className="nav-btn"
      key="0"
      onClick={[Function]}
    >
      Show All
    </button>
    <button
      className="nav-btn"
      key="1"
      onClick={[Function]}
    >
      Mystery
    </button>
    <button
      className="nav-btn"
      key="2"
      onClick={[Function]}
    >
      Comedy
    </button>
  </div>
</Fragment>
`;
