// Jest Snapshot v1, https://goo.gl/fbAQLP

exports[`BookDetails should match the snapshot with all of the data passed through 1`] = `
<article>
  <Connect(Nav)
    currentUser=""
  />
  <div
    className="details-container"
  >
    <Link
      className="back-btn"
      to="/"
    >
      â—€ back
    </Link>
    <h2 />
    <p>
      Genre: 
    </p>
    <p>
      Release Date: 
      undefined/undefined/2019/09/08
    </p>
    <br />
    <Markup
      content=""
      emptyContent={null}
      parsedContent={null}
      tagName="div"
    />
  </div>
</article>
`;
