// Jest Snapshot v1, https://goo.gl/fbAQLP

exports[`BookContainer should match the snapshot with the data passed through 1`] = `
<section
  className="containers"
>
  <section
    className="show-container"
  >
    <button
      className="show-btn"
      disabled={false}
      onClick={[Function]}
    >
      Show Prev
    </button>
    <button
      className="show-btn"
      disabled={false}
      onClick={[Function]}
    >
      Show Next
    </button>
  </section>
  <section
    className="book-container"
  />
</section>
`;
